This is "say_my_name_test" module
=========================

This is a test file for 3-say_my_name function. First import say_my_name
from 3-say_my_name.py module.

>>> say_my_name = __import__('3-say_my_name').say_my_name

Now use it:

>>> say_my_name("John", "Smith")
My name is John Smith
>>> say_my_name("Walter", "White")
My name is Walter White
>>> say_my_name("Alazar")
My name is Alazar 
>>> say_my_name(12, "White")
Traceback (most recent call last):
	  ...
TypeError: first_name must be a string
>>> say_my_name("White", 34)
Traceback (most recent call last):
	  ...
TypeError: last_name must be a string
>>> say_my_name(None, None)
Traceback (most recent call last):
	  ...
TypeError: first_name must be a string
